[2025-04-16T08:49:26.273+0000] {local_task_job_runner.py:123} INFO - ::group::Pre task execution logs
[2025-04-16T08:49:26.296+0000] {taskinstance.py:2612} INFO - Dependencies all met for dep_context=non-requeueable deps ti=<TaskInstance: extract_raw_data_pipeline.run_dbt_staging scheduled__2025-04-16T07:58:00+00:00 [queued]>
[2025-04-16T08:49:26.308+0000] {taskinstance.py:2612} INFO - Dependencies all met for dep_context=requeueable deps ti=<TaskInstance: extract_raw_data_pipeline.run_dbt_staging scheduled__2025-04-16T07:58:00+00:00 [queued]>
[2025-04-16T08:49:26.313+0000] {taskinstance.py:2865} INFO - Starting attempt 1 of 1
[2025-04-16T08:49:26.338+0000] {taskinstance.py:2888} INFO - Executing <Task(BashOperator): run_dbt_staging> on 2025-04-16 07:58:00+00:00
[2025-04-16T08:49:26.348+0000] {warnings.py:112} WARNING - /home/***/.local/lib/python3.12/site-packages/***/task/task_runner/standard_task_runner.py:70: DeprecationWarning: This process (pid=484) is multi-threaded, use of fork() may lead to deadlocks in the child.
  pid = os.fork()

[2025-04-16T08:49:26.351+0000] {standard_task_runner.py:72} INFO - Started process 486 to run task
[2025-04-16T08:49:26.352+0000] {standard_task_runner.py:104} INFO - Running: ['***', 'tasks', 'run', 'extract_raw_data_pipeline', 'run_dbt_staging', 'scheduled__2025-04-16T07:58:00+00:00', '--job-id', '7', '--raw', '--subdir', 'DAGS_FOLDER/driven_data_pipeline.py', '--cfg-path', '/tmp/tmpl4ce66oq']
[2025-04-16T08:49:26.354+0000] {standard_task_runner.py:105} INFO - Job 7: Subtask run_dbt_staging
[2025-04-16T08:49:26.571+0000] {task_command.py:467} INFO - Running <TaskInstance: extract_raw_data_pipeline.run_dbt_staging scheduled__2025-04-16T07:58:00+00:00 [running]> on host aec584b8fcf6
[2025-04-16T08:49:26.870+0000] {taskinstance.py:3131} INFO - Exporting env vars: AIRFLOW_CTX_DAG_OWNER='***' AIRFLOW_CTX_DAG_ID='extract_raw_data_pipeline' AIRFLOW_CTX_TASK_ID='run_dbt_staging' AIRFLOW_CTX_EXECUTION_DATE='2025-04-16T07:58:00+00:00' AIRFLOW_CTX_TRY_NUMBER='1' AIRFLOW_CTX_DAG_RUN_ID='scheduled__2025-04-16T07:58:00+00:00'
[2025-04-16T08:49:26.874+0000] {taskinstance.py:731} INFO - ::endgroup::
[2025-04-16T08:49:26.929+0000] {subprocess.py:63} INFO - Tmp dir root location: /tmp
[2025-04-16T08:49:26.934+0000] {subprocess.py:75} INFO - Running command: ['/usr/bin/bash', '-c', 'set -x; cd /opt/***/dbt && dbt run --select tag:staging']
[2025-04-16T08:49:26.961+0000] {subprocess.py:86} INFO - Output:
[2025-04-16T08:49:27.432+0000] {subprocess.py:93} INFO - + cd /opt/***/dbt
[2025-04-16T08:49:27.435+0000] {subprocess.py:93} INFO - + dbt run --select tag:staging
[2025-04-16T08:49:37.824+0000] {subprocess.py:93} INFO - [0m08:49:37  Running with dbt=1.8.0
[2025-04-16T08:49:39.358+0000] {subprocess.py:93} INFO - [0m08:49:39  Registered adapter: postgres=1.8.2
[2025-04-16T08:49:39.521+0000] {subprocess.py:93} INFO - [0m08:49:39  Unable to do partial parsing because saved manifest not found. Starting full parse.
[2025-04-16T08:49:42.980+0000] {subprocess.py:93} INFO - [0m08:49:42  Found 9 models, 10 sources, 428 macros
[2025-04-16T08:49:42.985+0000] {subprocess.py:93} INFO - [0m08:49:42
[2025-04-16T08:49:43.477+0000] {subprocess.py:93} INFO - [0m08:49:43  Concurrency: 1 threads (target='dev')
[2025-04-16T08:49:43.486+0000] {subprocess.py:93} INFO - [0m08:49:43
[2025-04-16T08:49:43.527+0000] {subprocess.py:93} INFO - [0m08:49:43  1 of 5 START sql table model driven_staging.dim_address ........................ [RUN]
[2025-04-16T08:49:44.036+0000] {subprocess.py:93} INFO - [0m08:49:44  1 of 5 OK created sql table model driven_staging.dim_address ................... [[32mSELECT 999[0m in 0.50s]
[2025-04-16T08:49:44.040+0000] {subprocess.py:93} INFO - [0m08:49:44  2 of 5 START sql table model driven_staging.dim_date ........................... [RUN]
[2025-04-16T08:49:44.139+0000] {subprocess.py:93} INFO - [0m08:49:44  2 of 5 OK created sql table model driven_staging.dim_date ...................... [[32mSELECT 999[0m in 0.10s]
[2025-04-16T08:49:44.143+0000] {subprocess.py:93} INFO - [0m08:49:44  3 of 5 START sql table model driven_staging.dim_finance ........................ [RUN]
[2025-04-16T08:49:44.296+0000] {subprocess.py:93} INFO - [0m08:49:44  3 of 5 OK created sql table model driven_staging.dim_finance ................... [[32mSELECT 999[0m in 0.15s]
[2025-04-16T08:49:44.303+0000] {subprocess.py:93} INFO - [0m08:49:44  4 of 5 START sql table model driven_staging.dim_person ......................... [RUN]
[2025-04-16T08:49:44.424+0000] {subprocess.py:93} INFO - [0m08:49:44  4 of 5 OK created sql table model driven_staging.dim_person .................... [[32mSELECT 999[0m in 0.12s]
[2025-04-16T08:49:44.429+0000] {subprocess.py:93} INFO - [0m08:49:44  5 of 5 START sql table model driven_staging.fact_network_usage ................. [RUN]
[2025-04-16T08:49:44.528+0000] {subprocess.py:93} INFO - [0m08:49:44  5 of 5 OK created sql table model driven_staging.fact_network_usage ............ [[32mSELECT 999[0m in 0.10s]
[2025-04-16T08:49:44.552+0000] {subprocess.py:93} INFO - [0m08:49:44
[2025-04-16T08:49:44.553+0000] {subprocess.py:93} INFO - [0m08:49:44  Finished running 5 table models in 0 hours 0 minutes and 1.57 seconds (1.57s).
[2025-04-16T08:49:44.687+0000] {subprocess.py:93} INFO - [0m08:49:44
[2025-04-16T08:49:44.689+0000] {subprocess.py:93} INFO - [0m08:49:44  [32mCompleted successfully[0m
[2025-04-16T08:49:44.690+0000] {subprocess.py:93} INFO - [0m08:49:44
[2025-04-16T08:49:44.692+0000] {subprocess.py:93} INFO - [0m08:49:44  Done. PASS=5 WARN=0 ERROR=0 SKIP=0 TOTAL=5
[2025-04-16T08:49:54.024+0000] {subprocess.py:97} INFO - Command exited with return code 0
[2025-04-16T08:49:54.093+0000] {taskinstance.py:340} INFO - ::group::Post task execution logs
[2025-04-16T08:49:54.095+0000] {taskinstance.py:352} INFO - Marking task as SUCCESS. dag_id=extract_raw_data_pipeline, task_id=run_dbt_staging, run_id=scheduled__2025-04-16T07:58:00+00:00, execution_date=20250416T075800, start_date=20250416T084926, end_date=20250416T084954
[2025-04-16T08:49:54.154+0000] {local_task_job_runner.py:266} INFO - Task exited with return code 0
[2025-04-16T08:49:54.213+0000] {taskinstance.py:3900} INFO - 1 downstream tasks scheduled from follow-on schedule check
[2025-04-16T08:49:54.220+0000] {local_task_job_runner.py:245} INFO - ::endgroup::
